mode: atomic
github.com/wentout/mnemonica-go/mnemonicatest/mnemonicatest.go:24.2,26.16 3 6
github.com/wentout/mnemonica-go/mnemonicatest/mnemonicatest.go:27.3,29.1 2 1
github.com/wentout/mnemonica-go/mnemonicatest/mnemonicatest.go:30.2,30.28 1 5
github.com/wentout/mnemonica-go/mnemonicatest/mnemonicatest.go:31.3,33.1 2 1
github.com/wentout/mnemonica-go/mnemonicatest/mnemonicatest.go:34.2,35.39 2 4
github.com/wentout/mnemonica-go/mnemonicatest/mnemonicatest.go:36.3,38.42 3 6
github.com/wentout/mnemonica-go/mnemonicatest/mnemonicatest.go:39.4,40.1 1 2
github.com/wentout/mnemonica-go/mnemonicatest/mnemonicatest.go:48.2,49.39 2 4
github.com/wentout/mnemonica-go/mnemonicatest/mnemonicatest.go:52.3,55.53 4 6
github.com/wentout/mnemonica-go/mnemonicatest/mnemonicatest.go:56.4,57.46 2 14
github.com/wentout/mnemonica-go/mnemonicatest/mnemonicatest.go:58.5,58.13 1 8
github.com/wentout/mnemonica-go/mnemonicatest/mnemonicatest.go:60.4,60.73 1 6
github.com/wentout/mnemonica-go/mnemonicatest/mnemonicatest.go:62.3,62.25 1 6
github.com/wentout/mnemonica-go/mnemonicatest/mnemonicatest.go:64.2,64.15 1 4
github.com/wentout/mnemonica-go/mnemonica/collection.go:30.2,35.1 3 171
github.com/wentout/mnemonica-go/mnemonica/collection.go:36.2,36.33 3 171
github.com/wentout/mnemonica-go/mnemonica/collection.go:37.3,38.1 1 30
github.com/wentout/mnemonica-go/mnemonica/collection.go:39.2,39.15 1 171
github.com/wentout/mnemonica-go/mnemonica/collection.go:46.2,48.1 2 46
github.com/wentout/mnemonica-go/mnemonica/collection.go:55.2,55.26 1 14
github.com/wentout/mnemonica-go/mnemonica/collection.go:56.3,58.1 2 1
github.com/wentout/mnemonica-go/mnemonica/collection.go:59.2,59.17 1 13
github.com/wentout/mnemonica-go/mnemonica/collection.go:60.3,62.1 2 1
github.com/wentout/mnemonica-go/mnemonica/collection.go:63.2,66.12 4 12
github.com/wentout/mnemonica-go/mnemonica/collection.go:107.2,111.1 4 2917
github.com/wentout/mnemonica-go/mnemonica/collection.go:117.2,120.35 4 824
github.com/wentout/mnemonica-go/mnemonica/collection.go:121.3,122.1 1 816
github.com/wentout/mnemonica-go/mnemonica/collection.go:123.2,124.41 2 824
github.com/wentout/mnemonica-go/mnemonica/collection.go:125.3,126.1 1 1
github.com/wentout/mnemonica-go/mnemonica/collection.go:127.2,127.15 1 824
github.com/wentout/mnemonica-go/mnemonica/config.go:33.2,36.1 2 171
github.com/wentout/mnemonica-go/mnemonica/config.go:37.2,38.1 2 171
github.com/wentout/mnemonica-go/mnemonica/config.go:68.2,68.34 1 7
github.com/wentout/mnemonica-go/mnemonica/config.go:69.3,70.1 1 7
github.com/wentout/mnemonica-go/mnemonica/config.go:75.2,75.34 1 5
github.com/wentout/mnemonica-go/mnemonica/config.go:76.3,77.1 1 5
github.com/wentout/mnemonica-go/mnemonica/config.go:82.2,82.34 1 4
github.com/wentout/mnemonica-go/mnemonica/config.go:83.3,84.1 1 4
github.com/wentout/mnemonica-go/mnemonica/config.go:92.2,92.34 1 2
github.com/wentout/mnemonica-go/mnemonica/config.go:93.3,94.1 1 2
github.com/wentout/mnemonica-go/mnemonica/config.go:100.2,100.34 1 30
github.com/wentout/mnemonica-go/mnemonica/config.go:101.3,102.1 1 30
github.com/wentout/mnemonica-go/mnemonica/config.go:114.2,114.34 1 3
github.com/wentout/mnemonica-go/mnemonica/config.go:115.3,115.40 1 3
github.com/wentout/mnemonica-go/mnemonica/config.go:116.4,117.1 1 2
github.com/wentout/mnemonica-go/mnemonica/config.go:118.3,119.47 2 3
github.com/wentout/mnemonica-go/mnemonica/config.go:125.2,126.33 2 684
github.com/wentout/mnemonica-go/mnemonica/config.go:127.3,128.1 1 51
github.com/wentout/mnemonica-go/mnemonica/config.go:129.2,129.14 1 684
github.com/wentout/mnemonica-go/mnemonica/config.go:137.2,138.30 2 679
github.com/wentout/mnemonica-go/mnemonica/config.go:139.3,140.1 1 7
github.com/wentout/mnemonica-go/mnemonica/config.go:141.2,141.30 1 679
github.com/wentout/mnemonica-go/mnemonica/config.go:142.3,143.1 1 5
github.com/wentout/mnemonica-go/mnemonica/config.go:144.2,144.30 1 679
github.com/wentout/mnemonica-go/mnemonica/config.go:145.3,146.1 1 4
github.com/wentout/mnemonica-go/mnemonica/config.go:147.2,147.27 1 679
github.com/wentout/mnemonica-go/mnemonica/config.go:148.3,149.1 1 2
github.com/wentout/mnemonica-go/mnemonica/config.go:150.2,150.15 1 679
github.com/wentout/mnemonica-go/mnemonica/context.go:20.2,20.16 1 51
github.com/wentout/mnemonica-go/mnemonica/context.go:21.3,22.1 1 22
github.com/wentout/mnemonica-go/mnemonica/context.go:23.2,24.15 2 29
github.com/wentout/mnemonica-go/mnemonica/context.go:39.2,39.21 1 2415
github.com/wentout/mnemonica-go/mnemonica/context.go:40.3,41.1 1 2412
github.com/wentout/mnemonica-go/mnemonica/context.go:42.2,43.15 2 3
github.com/wentout/mnemonica-go/mnemonica/context.go:57.2,58.17 2 29
github.com/wentout/mnemonica-go/mnemonica/context.go:59.3,60.1 1 2
github.com/wentout/mnemonica-go/mnemonica/context.go:61.2,61.68 1 27
github.com/wentout/mnemonica-go/mnemonica/context.go:62.3,62.24 1 30
github.com/wentout/mnemonica-go/mnemonica/context.go:63.4,65.1 2 23
github.com/wentout/mnemonica-go/mnemonica/context.go:67.2,67.29 1 4
github.com/wentout/mnemonica-go/mnemonica/context.go:77.2,78.1 1 3
github.com/wentout/mnemonica-go/mnemonica/context.go:81.2,82.1 1 6
github.com/wentout/mnemonica-go/mnemonica/context.go:85.2,86.1 1 5
github.com/wentout/mnemonica-go/mnemonica/context.go:89.2,89.71 1 22
github.com/wentout/mnemonica-go/mnemonica/context.go:90.3,90.24 1 24
github.com/wentout/mnemonica-go/mnemonica/context.go:91.4,91.12 1 1
github.com/wentout/mnemonica-go/mnemonica/context.go:93.3,93.51 1 23
github.com/wentout/mnemonica-go/mnemonica/context.go:94.4,95.1 1 21
github.com/wentout/mnemonica-go/mnemonica/context.go:97.2,97.12 1 1
github.com/wentout/mnemonica-go/mnemonica/define.go:31.2,33.1 2 13
github.com/wentout/mnemonica-go/mnemonica/define.go:37.2,39.1 2 821
github.com/wentout/mnemonica-go/mnemonica/define.go:43.2,45.1 2 1
github.com/wentout/mnemonica-go/mnemonica/define.go:50.2,52.1 2 3
github.com/wentout/mnemonica-go/mnemonica/define.go:57.2,58.16 2 3
github.com/wentout/mnemonica-go/mnemonica/define.go:59.3,60.1 1 2
github.com/wentout/mnemonica-go/mnemonica/define.go:61.2,62.20 2 1
github.com/wentout/mnemonica-go/mnemonica/define.go:69.2,70.16 2 14
github.com/wentout/mnemonica-go/mnemonica/define.go:71.3,72.1 1 11
github.com/wentout/mnemonica-go/mnemonica/define.go:73.2,74.20 2 3
github.com/wentout/mnemonica-go/mnemonica/define.go:94.2,95.16 2 1946
github.com/wentout/mnemonica-go/mnemonica/define.go:96.3,98.1 2 13
github.com/wentout/mnemonica-go/mnemonica/define.go:99.2,100.20 2 1933
github.com/wentout/mnemonica-go/mnemonica/define.go:109.2,110.16 2 13
github.com/wentout/mnemonica-go/mnemonica/define.go:111.3,113.1 2 1
github.com/wentout/mnemonica-go/mnemonica/define.go:114.2,115.20 2 12
github.com/wentout/mnemonica-go/mnemonica/define.go:127.2,128.16 2 917
github.com/wentout/mnemonica-go/mnemonica/define.go:129.3,131.1 2 6
github.com/wentout/mnemonica-go/mnemonica/define.go:132.2,132.20 1 911
github.com/wentout/mnemonica-go/mnemonica/define.go:138.2,139.16 2 13
github.com/wentout/mnemonica-go/mnemonica/define.go:140.3,142.1 2 2
github.com/wentout/mnemonica-go/mnemonica/define.go:143.2,143.20 1 11
github.com/wentout/mnemonica-go/mnemonica/define.go:149.2,149.19 1 930
github.com/wentout/mnemonica-go/mnemonica/define.go:150.3,153.1 3 2
github.com/wentout/mnemonica-go/mnemonica/define.go:154.2,155.9 2 928
github.com/wentout/mnemonica-go/mnemonica/define.go:159.3,162.1 3 2
github.com/wentout/mnemonica-go/mnemonica/define.go:163.2,164.16 2 926
github.com/wentout/mnemonica-go/mnemonica/define.go:165.3,167.1 2 4
github.com/wentout/mnemonica-go/mnemonica/define.go:168.2,169.20 2 922
github.com/wentout/mnemonica-go/mnemonica/define.go:176.2,176.48 1 804
github.com/wentout/mnemonica-go/mnemonica/define.go:177.3,179.1 2 1597
github.com/wentout/mnemonica-go/mnemonica/define.go:180.2,182.30 3 804
github.com/wentout/mnemonica-go/mnemonica/define.go:191.2,191.37 1 1
github.com/wentout/mnemonica-go/mnemonica/define.go:192.3,193.1 1 1
github.com/wentout/mnemonica-go/mnemonica/define.go:194.2,194.26 1 1
github.com/wentout/mnemonica-go/mnemonica/define.go:200.2,200.26 1 16
github.com/wentout/mnemonica-go/mnemonica/define.go:201.3,203.1 2 1
github.com/wentout/mnemonica-go/mnemonica/define.go:204.2,204.17 1 15
github.com/wentout/mnemonica-go/mnemonica/define.go:205.3,207.1 2 1
github.com/wentout/mnemonica-go/mnemonica/define.go:208.2,212.12 5 14
github.com/wentout/mnemonica-go/mnemonica/define.go:220.2,220.16 1 397
github.com/wentout/mnemonica-go/mnemonica/define.go:221.3,221.13 1 1
github.com/wentout/mnemonica-go/mnemonica/define.go:223.2,223.11 1 396
github.com/wentout/mnemonica-go/mnemonica/define.go:233.2,233.44 1 191
github.com/wentout/mnemonica-go/mnemonica/define.go:234.3,235.1 1 2
github.com/wentout/mnemonica-go/mnemonica/define.go:238.2,239.41 2 189
github.com/wentout/mnemonica-go/mnemonica/define.go:240.3,242.1 2 2
github.com/wentout/mnemonica-go/mnemonica/define.go:243.2,250.21 2 187
github.com/wentout/mnemonica-go/mnemonica/define.go:251.4,253.1 2 1971
github.com/wentout/mnemonica-go/mnemonica/define.go:257.2,259.49 3 187
github.com/wentout/mnemonica-go/mnemonica/define.go:260.3,262.1 2 3
github.com/wentout/mnemonica-go/mnemonica/define.go:263.2,265.20 3 184
github.com/wentout/mnemonica-go/mnemonica/define.go:278.2,278.44 1 329
github.com/wentout/mnemonica-go/mnemonica/define.go:279.3,280.1 1 2
github.com/wentout/mnemonica-go/mnemonica/define.go:281.2,282.41 2 327
github.com/wentout/mnemonica-go/mnemonica/define.go:283.3,285.1 2 1
github.com/wentout/mnemonica-go/mnemonica/define.go:286.2,290.23 5 326
github.com/wentout/mnemonica-go/mnemonica/define.go:291.3,292.69 2 3
github.com/wentout/mnemonica-go/mnemonica/define.go:293.4,295.1 2 1
github.com/wentout/mnemonica-go/mnemonica/define.go:296.3,296.20 1 2
github.com/wentout/mnemonica-go/mnemonica/define.go:298.3,299.17 2 323
github.com/wentout/mnemonica-go/mnemonica/define.go:300.4,301.1 1 4
github.com/wentout/mnemonica-go/mnemonica/define.go:302.3,302.42 1 319
github.com/wentout/mnemonica-go/mnemonica/define.go:306.4,307.1 1 943
github.com/wentout/mnemonica-go/mnemonica/define.go:309.2,316.21 1 321
github.com/wentout/mnemonica-go/mnemonica/define.go:317.4,319.1 2 946
github.com/wentout/mnemonica-go/mnemonica/define.go:324.2,327.54 4 321
github.com/wentout/mnemonica-go/mnemonica/define.go:328.3,330.1 2 1
github.com/wentout/mnemonica-go/mnemonica/define.go:331.2,333.20 3 320
github.com/wentout/mnemonica-go/mnemonica/define.go:341.2,341.56 1 323
github.com/wentout/mnemonica-go/mnemonica/define.go:342.3,343.23 2 650
github.com/wentout/mnemonica-go/mnemonica/define.go:344.4,344.12 1 5
github.com/wentout/mnemonica-go/mnemonica/define.go:346.3,346.31 1 645
github.com/wentout/mnemonica-go/mnemonica/define.go:347.4,347.27 1 320
github.com/wentout/mnemonica-go/mnemonica/define.go:351.5,353.1 2 1
github.com/wentout/mnemonica-go/mnemonica/define.go:354.4,354.21 1 319
github.com/wentout/mnemonica-go/mnemonica/define.go:356.3,356.38 1 325
github.com/wentout/mnemonica-go/mnemonica/define.go:357.4,359.1 2 1
github.com/wentout/mnemonica-go/mnemonica/define.go:361.2,362.15 2 2
github.com/wentout/mnemonica-go/mnemonica/define.go:370.2,370.19 1 2925
github.com/wentout/mnemonica-go/mnemonica/define.go:371.3,371.22 1 1966
github.com/wentout/mnemonica-go/mnemonica/define.go:372.4,373.1 1 1965
github.com/wentout/mnemonica-go/mnemonica/define.go:374.3,375.18 2 1
github.com/wentout/mnemonica-go/mnemonica/define.go:377.2,377.21 1 959
github.com/wentout/mnemonica-go/mnemonica/define.go:378.3,380.1 2 1
github.com/wentout/mnemonica-go/mnemonica/define.go:381.2,382.25 2 958
github.com/wentout/mnemonica-go/mnemonica/define.go:385.3,387.1 2 1
github.com/wentout/mnemonica-go/mnemonica/define.go:388.2,388.30 1 957
github.com/wentout/mnemonica-go/mnemonica/define.go:389.3,390.1 1 948
github.com/wentout/mnemonica-go/mnemonica/define.go:397.2,397.26 1 9
github.com/wentout/mnemonica-go/mnemonica/define.go:398.3,400.1 2 6
github.com/wentout/mnemonica-go/mnemonica/define.go:401.2,401.37 1 3
github.com/wentout/mnemonica-go/mnemonica/define.go:402.3,404.1 2 1
github.com/wentout/mnemonica-go/mnemonica/define.go:405.2,405.109 1 2
github.com/wentout/mnemonica-go/mnemonica/define.go:406.3,406.50 1 2
github.com/wentout/mnemonica-go/mnemonica/define.go:407.4,408.1 1 1
github.com/wentout/mnemonica-go/mnemonica/define.go:410.2,411.17 2 1
github.com/wentout/mnemonica-go/mnemonica/define.go:421.2,421.78 1 2916
github.com/wentout/mnemonica-go/mnemonica/define.go:422.3,422.40 1 997
github.com/wentout/mnemonica-go/mnemonica/define.go:423.4,425.1 2 3
github.com/wentout/mnemonica-go/mnemonica/define.go:427.2,427.12 1 2913
github.com/wentout/mnemonica-go/mnemonica/define.go:436.2,437.16 2 2925
github.com/wentout/mnemonica-go/mnemonica/define.go:438.3,439.1 1 11
github.com/wentout/mnemonica-go/mnemonica/define.go:440.2,441.16 2 2914
github.com/wentout/mnemonica-go/mnemonica/define.go:442.3,443.1 1 25
github.com/wentout/mnemonica-go/mnemonica/define.go:444.2,444.20 1 2889
github.com/wentout/mnemonica-go/mnemonica/define.go:453.2,453.21 1 12
github.com/wentout/mnemonica-go/mnemonica/define.go:454.3,455.17 2 5
github.com/wentout/mnemonica-go/mnemonica/define.go:456.4,457.1 1 2
github.com/wentout/mnemonica-go/mnemonica/define.go:458.3,458.21 1 3
github.com/wentout/mnemonica-go/mnemonica/define.go:460.2,461.16 2 7
github.com/wentout/mnemonica-go/mnemonica/define.go:462.3,463.1 1 1
github.com/wentout/mnemonica-go/mnemonica/define.go:464.2,464.20 1 6
github.com/wentout/mnemonica-go/mnemonica/define.go:474.2,474.26 1 2921
github.com/wentout/mnemonica-go/mnemonica/define.go:475.3,475.57 1 2916
github.com/wentout/mnemonica-go/mnemonica/define.go:476.4,477.1 1 3
github.com/wentout/mnemonica-go/mnemonica/define.go:479.2,479.33 1 2918
github.com/wentout/mnemonica-go/mnemonica/define.go:480.3,485.1 2 2405
github.com/wentout/mnemonica-go/mnemonica/define.go:486.3,486.62 2 2405
github.com/wentout/mnemonica-go/mnemonica/define.go:487.4,488.1 1 1
github.com/wentout/mnemonica-go/mnemonica/define.go:490.2,499.26 10 2917
github.com/wentout/mnemonica-go/mnemonica/define.go:502.3,503.1 1 5
github.com/wentout/mnemonica-go/mnemonica/define.go:504.2,504.19 1 2917
github.com/wentout/mnemonica-go/mnemonica/define.go:505.3,506.1 1 946
github.com/wentout/mnemonica-go/mnemonica/define.go:507.2,507.23 1 2917
github.com/wentout/mnemonica-go/mnemonica/define.go:508.3,509.1 1 3
github.com/wentout/mnemonica-go/mnemonica/define.go:510.2,511.48 2 2917
github.com/wentout/mnemonica-go/mnemonica/define.go:512.3,513.28 2 21
github.com/wentout/mnemonica-go/mnemonica/define.go:514.4,515.1 1 2
github.com/wentout/mnemonica-go/mnemonica/define.go:516.3,516.36 1 19
github.com/wentout/mnemonica-go/mnemonica/define.go:517.4,524.1 2 4
github.com/wentout/mnemonica-go/mnemonica/define.go:525.4,525.75 2 4
github.com/wentout/mnemonica-go/mnemonica/define.go:526.5,527.1 1 1
github.com/wentout/mnemonica-go/mnemonica/define.go:529.3,533.1 2 18
github.com/wentout/mnemonica-go/mnemonica/define.go:534.3,534.22 2 18
github.com/wentout/mnemonica-go/mnemonica/define.go:536.2,536.34 1 2896
github.com/wentout/mnemonica-go/mnemonica/define.go:537.3,543.1 2 6
github.com/wentout/mnemonica-go/mnemonica/define.go:544.3,544.64 2 6
github.com/wentout/mnemonica-go/mnemonica/define.go:545.4,546.1 1 1
github.com/wentout/mnemonica-go/mnemonica/define.go:548.2,548.22 1 2895
github.com/wentout/mnemonica-go/mnemonica/define.go:556.2,557.78 2 3
github.com/wentout/mnemonica-go/mnemonica/define.go:558.3,560.53 3 1
github.com/wentout/mnemonica-go/mnemonica/define.go:561.4,562.27 2 3
github.com/wentout/mnemonica-go/mnemonica/define.go:563.5,563.13 1 1
github.com/wentout/mnemonica-go/mnemonica/define.go:565.4,565.23 1 2
github.com/wentout/mnemonica-go/mnemonica/define.go:566.5,566.13 1 1
github.com/wentout/mnemonica-go/mnemonica/define.go:568.4,572.1 2 1
github.com/wentout/mnemonica-go/mnemonica/define.go:573.4,573.34 2 1
github.com/wentout/mnemonica-go/mnemonica/define.go:576.2,576.15 1 3
github.com/wentout/mnemonica-go/mnemonica/define.go:584.2,585.48 2 508
github.com/wentout/mnemonica-go/mnemonica/define.go:586.3,587.10 2 1320
github.com/wentout/mnemonica-go/mnemonica/define.go:588.4,590.1 2 3
github.com/wentout/mnemonica-go/mnemonica/define.go:591.3,592.13 2 1317
github.com/wentout/mnemonica-go/mnemonica/define.go:594.2,594.16 1 508
github.com/wentout/mnemonica-go/mnemonica/define.go:600.2,600.47 1 520
github.com/wentout/mnemonica-go/mnemonica/define.go:601.3,603.1 2 4
github.com/wentout/mnemonica-go/mnemonica/define.go:604.2,604.12 1 516
github.com/wentout/mnemonica-go/mnemonica/errored.go:19.2,21.1 2 5
github.com/wentout/mnemonica-go/mnemonica/errored.go:26.2,28.1 2 6
github.com/wentout/mnemonica-go/mnemonica/hooks.go:56.2,56.14 1 30
github.com/wentout/mnemonica-go/mnemonica/hooks.go:58.3,58.14 1 28
github.com/wentout/mnemonica-go/mnemonica/hooks.go:60.2,60.14 1 2
github.com/wentout/mnemonica-go/mnemonica/hooks.go:71.2,77.29 7 2415
github.com/wentout/mnemonica-go/mnemonica/hooks.go:78.3,80.1 2 2405
github.com/wentout/mnemonica-go/mnemonica/hooks.go:81.3,83.1 2 10
github.com/wentout/mnemonica-go/mnemonica/hooks.go:84.2,84.15 1 2415
github.com/wentout/mnemonica-go/mnemonica/hooks.go:91.2,96.1 5 5833
github.com/wentout/mnemonica-go/mnemonica/hooks.go:101.2,101.40 1 2415
github.com/wentout/mnemonica-go/mnemonica/hooks.go:102.3,102.36 1 18994
github.com/wentout/mnemonica-go/mnemonica/hooks.go:103.4,104.1 1 3
github.com/wentout/mnemonica-go/mnemonica/hooks.go:106.2,106.12 1 2412
github.com/wentout/mnemonica-go/mnemonica/lineage.go:44.2,45.17 2 6598
github.com/wentout/mnemonica-go/mnemonica/lineage.go:46.3,47.1 1 2
github.com/wentout/mnemonica-go/mnemonica/lineage.go:48.2,49.18 2 6596
github.com/wentout/mnemonica-go/mnemonica/lineage.go:50.3,51.1 1 184
github.com/wentout/mnemonica-go/mnemonica/lineage.go:52.2,53.15 2 6596
github.com/wentout/mnemonica-go/mnemonica/lineage.go:61.2,61.6 1 184
github.com/wentout/mnemonica-go/mnemonica/lineage.go:62.3,63.20 2 211
github.com/wentout/mnemonica-go/mnemonica/lineage.go:64.4,65.1 1 35
github.com/wentout/mnemonica-go/mnemonica/lineage.go:66.3,67.61 2 176
github.com/wentout/mnemonica-go/mnemonica/lineage.go:68.4,69.1 1 149
github.com/wentout/mnemonica-go/mnemonica/lineage.go:75.2,75.21 1 6596
github.com/wentout/mnemonica-go/mnemonica/lineage.go:76.3,77.1 1 1
github.com/wentout/mnemonica-go/mnemonica/lineage.go:78.2,79.15 2 6596
github.com/wentout/mnemonica-go/mnemonica/lineage.go:84.2,85.55 2 2
github.com/wentout/mnemonica-go/mnemonica/lineage.go:89.3,90.1 1 1
github.com/wentout/mnemonica-go/mnemonica/lineage.go:91.2,92.15 2 1
github.com/wentout/mnemonica-go/mnemonica/lineage.go:106.2,107.34 2 3
github.com/wentout/mnemonica-go/mnemonica/lineage.go:108.3,108.55 1 4
github.com/wentout/mnemonica-go/mnemonica/lineage.go:109.4,110.1 1 1
github.com/wentout/mnemonica-go/mnemonica/lineage.go:111.3,113.10 3 3
github.com/wentout/mnemonica-go/mnemonica/lineage.go:114.4,114.9 1 1
github.com/wentout/mnemonica-go/mnemonica/lineage.go:116.3,116.18 1 2
github.com/wentout/mnemonica-go/mnemonica/lineage.go:118.2,118.15 1 2
github.com/wentout/mnemonica-go/mnemonica/lineage.go:162.2,162.37 1 5
github.com/wentout/mnemonica-go/mnemonica/lineage.go:163.3,164.1 1 5
github.com/wentout/mnemonica-go/mnemonica/lineage.go:171.2,171.37 1 3
github.com/wentout/mnemonica-go/mnemonica/lineage.go:172.3,173.1 1 3
github.com/wentout/mnemonica-go/mnemonica/lineage.go:185.2,186.33 2 32
github.com/wentout/mnemonica-go/mnemonica/lineage.go:187.3,188.1 1 8
github.com/wentout/mnemonica-go/mnemonica/lineage.go:189.2,197.1 2 32
github.com/wentout/mnemonica-go/mnemonica/lineage.go:198.2,198.23 2 32
github.com/wentout/mnemonica-go/mnemonica/lineage.go:199.3,200.17 2 35
github.com/wentout/mnemonica-go/mnemonica/lineage.go:201.4,202.1 1 8
github.com/wentout/mnemonica-go/mnemonica/lineage.go:203.3,203.58 1 27
github.com/wentout/mnemonica-go/mnemonica/lineage.go:205.2,206.20 2 24
github.com/wentout/mnemonica-go/mnemonica/lineage.go:223.2,224.16 2 64
github.com/wentout/mnemonica-go/mnemonica/lineage.go:225.3,226.1 1 7
github.com/wentout/mnemonica-go/mnemonica/lineage.go:227.2,229.18 3 57
github.com/wentout/mnemonica-go/mnemonica/lineage.go:230.3,231.1 1 9
github.com/wentout/mnemonica-go/mnemonica/lineage.go:232.2,233.1 3 48
github.com/wentout/mnemonica-go/mnemonica/lineage.go:234.2,235.16 3 48
github.com/wentout/mnemonica-go/mnemonica/lineage.go:236.3,237.1 1 5
github.com/wentout/mnemonica-go/mnemonica/lineage.go:238.2,239.24 2 43
github.com/wentout/mnemonica-go/mnemonica/lineage.go:243.3,245.1 2 15
github.com/wentout/mnemonica-go/mnemonica/lineage.go:246.2,253.1 2 43
github.com/wentout/mnemonica-go/mnemonica/lineage.go:254.2,254.20 2 43
github.com/wentout/mnemonica-go/mnemonica/lineage.go:255.3,256.17 2 10
github.com/wentout/mnemonica-go/mnemonica/lineage.go:257.4,258.1 1 1
github.com/wentout/mnemonica-go/mnemonica/lineage.go:259.3,259.24 1 9
github.com/wentout/mnemonica-go/mnemonica/lineage.go:261.2,261.26 1 42
github.com/wentout/mnemonica-go/mnemonica/lineage.go:262.3,263.17 2 7
github.com/wentout/mnemonica-go/mnemonica/lineage.go:264.4,265.1 1 1
github.com/wentout/mnemonica-go/mnemonica/lineage.go:266.3,266.26 1 6
github.com/wentout/mnemonica-go/mnemonica/lineage.go:268.2,269.16 2 41
github.com/wentout/mnemonica-go/mnemonica/lineage.go:276.2,277.34 2 7
github.com/wentout/mnemonica-go/mnemonica/lineage.go:278.3,278.14 1 7
github.com/wentout/mnemonica-go/mnemonica/lineage.go:280.4,280.39 1 6
github.com/wentout/mnemonica-go/mnemonica/lineage.go:282.4,283.19 2 1
github.com/wentout/mnemonica-go/mnemonica/lineage.go:286.2,286.19 1 6
github.com/wentout/mnemonica-go/mnemonica/lineage.go:303.2,305.56 3 51
github.com/wentout/mnemonica-go/mnemonica/lineage.go:306.3,307.45 2 152
github.com/wentout/mnemonica-go/mnemonica/lineage.go:308.4,308.12 1 66
github.com/wentout/mnemonica-go/mnemonica/lineage.go:310.3,311.17 2 86
github.com/wentout/mnemonica-go/mnemonica/lineage.go:312.4,313.1 1 5
github.com/wentout/mnemonica-go/mnemonica/lineage.go:314.3,314.31 1 81
github.com/wentout/mnemonica-go/mnemonica/lineage.go:316.2,316.20 1 46
github.com/wentout/mnemonica-go/mnemonica/lineage.go:325.2,325.26 1 112
github.com/wentout/mnemonica-go/mnemonica/lineage.go:326.3,326.62 1 112
github.com/wentout/mnemonica-go/mnemonica/lineage.go:327.4,328.1 1 1
github.com/wentout/mnemonica-go/mnemonica/lineage.go:329.3,329.55 1 111
github.com/wentout/mnemonica-go/mnemonica/lineage.go:332.4,332.31 1 18
github.com/wentout/mnemonica-go/mnemonica/lineage.go:333.5,334.1 1 4
github.com/wentout/mnemonica-go/mnemonica/lineage.go:335.4,335.32 1 14
github.com/wentout/mnemonica-go/mnemonica/lineage.go:338.2,338.22 1 93
github.com/wentout/mnemonica-go/mnemonica/lineage.go:340.3,341.21 2 1
github.com/wentout/mnemonica-go/mnemonica/lineage.go:343.3,344.21 2 43
github.com/wentout/mnemonica-go/mnemonica/lineage.go:346.3,347.21 2 9
github.com/wentout/mnemonica-go/mnemonica/lineage.go:349.3,350.21 2 1
github.com/wentout/mnemonica-go/mnemonica/lineage.go:352.3,353.21 2 4
github.com/wentout/mnemonica-go/mnemonica/lineage.go:355.3,355.37 1 1
github.com/wentout/mnemonica-go/mnemonica/lineage.go:357.3,357.49 1 3
github.com/wentout/mnemonica-go/mnemonica/lineage.go:359.3,359.20 1 2
github.com/wentout/mnemonica-go/mnemonica/lineage.go:360.4,361.1 1 1
github.com/wentout/mnemonica-go/mnemonica/lineage.go:362.3,362.44 1 1
github.com/wentout/mnemonica-go/mnemonica/lineage.go:364.3,364.20 1 5
github.com/wentout/mnemonica-go/mnemonica/lineage.go:365.4,366.1 1 2
github.com/wentout/mnemonica-go/mnemonica/lineage.go:367.3,368.21 2 3
github.com/wentout/mnemonica-go/mnemonica/lineage.go:370.3,370.20 1 3
github.com/wentout/mnemonica-go/mnemonica/lineage.go:371.4,372.1 1 1
github.com/wentout/mnemonica-go/mnemonica/lineage.go:373.3,374.22 2 2
github.com/wentout/mnemonica-go/mnemonica/lineage.go:375.4,376.1 1 1
github.com/wentout/mnemonica-go/mnemonica/lineage.go:377.3,379.21 3 1
github.com/wentout/mnemonica-go/mnemonica/lineage.go:381.3,381.40 1 3
github.com/wentout/mnemonica-go/mnemonica/lineage.go:383.3,383.20 1 9
github.com/wentout/mnemonica-go/mnemonica/lineage.go:384.4,385.1 1 2
github.com/wentout/mnemonica-go/mnemonica/lineage.go:386.3,387.22 2 7
github.com/wentout/mnemonica-go/mnemonica/lineage.go:388.4,389.1 1 1
github.com/wentout/mnemonica-go/mnemonica/lineage.go:390.3,391.37 2 6
github.com/wentout/mnemonica-go/mnemonica/lineage.go:393.3,393.20 1 6
github.com/wentout/mnemonica-go/mnemonica/lineage.go:394.4,395.1 1 1
github.com/wentout/mnemonica-go/mnemonica/lineage.go:396.3,396.22 1 5
github.com/wentout/mnemonica-go/mnemonica/lineage.go:397.4,398.23 2 4
github.com/wentout/mnemonica-go/mnemonica/lineage.go:399.5,400.1 1 1
github.com/wentout/mnemonica-go/mnemonica/lineage.go:401.4,401.26 1 3
github.com/wentout/mnemonica-go/mnemonica/lineage.go:403.3,404.48 2 4
github.com/wentout/mnemonica-go/mnemonica/lineage.go:405.4,406.18 2 4
github.com/wentout/mnemonica-go/mnemonica/lineage.go:407.5,408.1 1 1
github.com/wentout/mnemonica-go/mnemonica/lineage.go:409.4,409.27 1 3
github.com/wentout/mnemonica-go/mnemonica/lineage.go:411.3,411.21 1 3
github.com/wentout/mnemonica-go/mnemonica/lineage.go:413.3,414.48 2 2
github.com/wentout/mnemonica-go/mnemonica/lineage.go:415.4,416.18 2 3
github.com/wentout/mnemonica-go/mnemonica/lineage.go:417.5,418.1 1 1
github.com/wentout/mnemonica-go/mnemonica/lineage.go:419.4,419.27 1 2
github.com/wentout/mnemonica-go/mnemonica/lineage.go:421.3,421.21 1 1
github.com/wentout/mnemonica-go/mnemonica/lineage.go:423.3,423.49 1 1
github.com/wentout/mnemonica-go/mnemonica/lineage.go:430.2,431.16 2 14
github.com/wentout/mnemonica-go/mnemonica/lineage.go:432.3,433.1 1 6
github.com/wentout/mnemonica-go/mnemonica/lineage.go:434.2,435.20 2 8
github.com/wentout/mnemonica-go/mnemonica/lineage.go:442.2,444.22 3 6
github.com/wentout/mnemonica-go/mnemonica/lineage.go:445.3,447.21 3 6
github.com/wentout/mnemonica-go/mnemonica/lineage.go:449.4,449.28 1 3
github.com/wentout/mnemonica-go/mnemonica/lineage.go:451.4,451.48 1 1
github.com/wentout/mnemonica-go/mnemonica/lineage.go:453.4,453.50 1 1
github.com/wentout/mnemonica-go/mnemonica/lineage.go:455.4,455.39 1 1
github.com/wentout/mnemonica-go/mnemonica/lineage.go:457.3,458.17 2 5
github.com/wentout/mnemonica-go/mnemonica/lineage.go:459.4,460.1 1 1
github.com/wentout/mnemonica-go/mnemonica/lineage.go:461.3,461.30 1 4
github.com/wentout/mnemonica-go/mnemonica/lineage.go:463.2,463.20 1 4
github.com/wentout/mnemonica-go/mnemonica/lineage.go:469.2,469.9 1 4
github.com/wentout/mnemonica-go/mnemonica/lineage.go:471.3,472.16 2 1
github.com/wentout/mnemonica-go/mnemonica/lineage.go:474.3,475.16 2 1
github.com/wentout/mnemonica-go/mnemonica/lineage.go:477.3,478.16 2 1
github.com/wentout/mnemonica-go/mnemonica/lineage.go:480.3,480.15 1 1
github.com/wentout/mnemonica-go/mnemonica/lineage.go:488.2,490.1 2 13
github.com/wentout/mnemonica-go/mnemonica/lookup.go:11.2,13.1 2 13
github.com/wentout/mnemonica-go/mnemonica/lookup.go:18.2,22.9 5 831
github.com/wentout/mnemonica-go/mnemonica/lookup.go:23.3,25.1 2 4
github.com/wentout/mnemonica-go/mnemonica/lookup.go:26.2,26.39 1 827
github.com/wentout/mnemonica-go/mnemonica/lookup.go:27.3,28.10 2 824
github.com/wentout/mnemonica-go/mnemonica/lookup.go:29.4,31.1 2 4
github.com/wentout/mnemonica-go/mnemonica/lookup.go:33.2,34.21 2 823
github.com/wentout/mnemonica-go/mnemonica/node.go:72.2,74.1 2 13758
github.com/wentout/mnemonica-go/mnemonica/node.go:83.2,84.77 2 18
github.com/wentout/mnemonica-go/mnemonica/node.go:85.3,85.35 1 33
github.com/wentout/mnemonica-go/mnemonica/node.go:86.4,87.1 1 15
github.com/wentout/mnemonica-go/mnemonica/node.go:89.2,89.20 1 3
github.com/wentout/mnemonica-go/mnemonica/node.go:95.2,97.1 2 17
github.com/wentout/mnemonica-go/mnemonica/props.go:52.2,54.9 3 827
github.com/wentout/mnemonica-go/mnemonica/props.go:55.3,57.1 2 5
github.com/wentout/mnemonica-go/mnemonica/props.go:58.2,60.19 3 822
github.com/wentout/mnemonica-go/mnemonica/props.go:62.3,64.1 2 1
github.com/wentout/mnemonica-go/mnemonica/props.go:65.2,76.1 2 821
github.com/wentout/mnemonica-go/mnemonica/props.go:77.2,77.20 2 821
github.com/wentout/mnemonica-go/mnemonica/utils.go:21.2,21.14 1 6836
github.com/wentout/mnemonica-go/mnemonica/utils.go:22.3,23.1 1 9
github.com/wentout/mnemonica-go/mnemonica/utils.go:24.2,25.54 2 6827
github.com/wentout/mnemonica-go/mnemonica/utils.go:26.3,27.1 1 14
github.com/wentout/mnemonica-go/mnemonica/utils.go:28.2,29.15 2 6813
github.com/wentout/mnemonica-go/mnemonica/utils.go:37.2,38.9 2 117
github.com/wentout/mnemonica-go/mnemonica/utils.go:39.3,40.1 1 3
github.com/wentout/mnemonica-go/mnemonica/utils.go:41.2,42.17 2 114
github.com/wentout/mnemonica-go/mnemonica/utils.go:43.3,44.1 1 5
github.com/wentout/mnemonica-go/mnemonica/utils.go:45.2,46.19 2 109
github.com/wentout/mnemonica-go/mnemonica/utils.go:47.3,48.1 1 13
github.com/wentout/mnemonica-go/mnemonica/utils.go:49.2,49.30 1 96
github.com/wentout/mnemonica-go/mnemonica/utils.go:55.2,56.16 2 8
github.com/wentout/mnemonica-go/mnemonica/utils.go:57.3,58.1 1 2
github.com/wentout/mnemonica-go/mnemonica/utils.go:59.2,59.20 1 6
github.com/wentout/mnemonica-go/mnemonica/utils.go:69.2,70.22 2 23
github.com/wentout/mnemonica-go/mnemonica/utils.go:71.3,72.1 1 2
github.com/wentout/mnemonica-go/mnemonica/utils.go:73.2,73.73 1 21
github.com/wentout/mnemonica-go/mnemonica/utils.go:74.3,76.53 3 37
github.com/wentout/mnemonica-go/mnemonica/utils.go:77.4,78.46 2 111
github.com/wentout/mnemonica-go/mnemonica/utils.go:79.5,79.13 1 56
github.com/wentout/mnemonica-go/mnemonica/utils.go:81.4,81.47 1 55
github.com/wentout/mnemonica-go/mnemonica/utils.go:82.5,82.13 1 7
github.com/wentout/mnemonica-go/mnemonica/utils.go:84.4,84.55 1 48
github.com/wentout/mnemonica-go/mnemonica/utils.go:87.2,87.15 1 21
github.com/wentout/mnemonica-go/mnemonica/utils.go:94.2,96.27 3 3
github.com/wentout/mnemonica-go/mnemonica/utils.go:97.3,97.40 1 5
github.com/wentout/mnemonica-go/mnemonica/utils.go:98.4,99.1 1 4
github.com/wentout/mnemonica-go/mnemonica/utils.go:101.2,101.15 1 3
github.com/wentout/mnemonica-go/mnemonica/utils.go:117.2,118.17 2 34
github.com/wentout/mnemonica-go/mnemonica/utils.go:119.3,120.1 1 2
github.com/wentout/mnemonica-go/mnemonica/utils.go:121.2,121.37 1 32
github.com/wentout/mnemonica-go/mnemonica/utils.go:122.3,122.25 1 22
github.com/wentout/mnemonica-go/mnemonica/utils.go:123.4,124.1 1 7
github.com/wentout/mnemonica-go/mnemonica/utils.go:125.3,126.22 2 15
github.com/wentout/mnemonica-go/mnemonica/utils.go:128.2,130.95 3 10
github.com/wentout/mnemonica-go/mnemonica/utils.go:131.3,131.50 1 19
github.com/wentout/mnemonica-go/mnemonica/utils.go:132.4,132.12 1 13
github.com/wentout/mnemonica-go/mnemonica/utils.go:134.3,135.22 2 6
github.com/wentout/mnemonica-go/mnemonica/utils.go:137.2,137.19 1 4
github.com/wentout/mnemonica-go/mnemonica/utils.go:144.2,145.41 2 19
github.com/wentout/mnemonica-go/mnemonica/utils.go:146.3,146.20 1 28
github.com/wentout/mnemonica-go/mnemonica/utils.go:147.4,148.1 1 1
github.com/wentout/mnemonica-go/mnemonica/utils.go:149.3,149.60 1 27
github.com/wentout/mnemonica-go/mnemonica/utils.go:150.4,151.1 1 12
github.com/wentout/mnemonica-go/mnemonica/utils.go:152.3,152.41 1 15
github.com/wentout/mnemonica-go/mnemonica/utils.go:154.2,154.13 1 6
github.com/wentout/mnemonica-go/mnemonica/utils.go:164.2,165.16 2 8
github.com/wentout/mnemonica-go/mnemonica/utils.go:166.3,168.1 2 3
github.com/wentout/mnemonica-go/mnemonica/utils.go:169.2,171.16 3 5
github.com/wentout/mnemonica-go/mnemonica/utils.go:172.3,174.1 2 1
github.com/wentout/mnemonica-go/mnemonica/utils.go:175.2,176.20 2 4
github.com/wentout/mnemonica-go/mnemonica/utils.go:187.2,188.16 2 8
github.com/wentout/mnemonica-go/mnemonica/utils.go:189.3,191.1 2 3
github.com/wentout/mnemonica-go/mnemonica/utils.go:192.2,192.20 1 5
github.com/wentout/mnemonica-go/mnemonica/utils.go:198.2,199.16 2 11
github.com/wentout/mnemonica-go/mnemonica/utils.go:200.3,202.1 2 2
github.com/wentout/mnemonica-go/mnemonica/utils.go:203.2,205.21 3 9
github.com/wentout/mnemonica-go/mnemonica/utils.go:206.3,207.1 1 7
github.com/wentout/mnemonica-go/mnemonica/utils.go:208.2,209.16 2 9
github.com/wentout/mnemonica-go/mnemonica/utils.go:210.3,212.1 2 1
github.com/wentout/mnemonica-go/mnemonica/utils.go:213.2,214.20 2 8
github.com/wentout/mnemonica-go/mnemonica/utils.go:225.2,226.16 2 6
github.com/wentout/mnemonica-go/mnemonica/utils.go:227.3,229.1 2 4
github.com/wentout/mnemonica-go/mnemonica/utils.go:230.2,230.20 1 2
github.com/wentout/mnemonica-go/mnemonica/utils.go:236.2,237.16 2 8
github.com/wentout/mnemonica-go/mnemonica/utils.go:238.3,240.1 2 2
github.com/wentout/mnemonica-go/mnemonica/utils.go:241.2,242.21 2 6
github.com/wentout/mnemonica-go/mnemonica/utils.go:243.3,244.1 1 5
github.com/wentout/mnemonica-go/mnemonica/utils.go:245.2,246.16 2 6
github.com/wentout/mnemonica-go/mnemonica/utils.go:247.3,249.1 2 2
github.com/wentout/mnemonica-go/mnemonica/utils.go:250.2,251.20 2 4
github.com/wentout/mnemonica-go/mnemonica/utils.go:261.2,262.16 2 5
github.com/wentout/mnemonica-go/mnemonica/utils.go:263.3,265.1 2 3
github.com/wentout/mnemonica-go/mnemonica/utils.go:266.2,266.20 1 2
github.com/wentout/mnemonica-go/mnemonica/utils.go:272.2,273.16 2 6
github.com/wentout/mnemonica-go/mnemonica/utils.go:274.3,276.1 2 2
github.com/wentout/mnemonica-go/mnemonica/utils.go:277.2,279.21 3 4
github.com/wentout/mnemonica-go/mnemonica/utils.go:280.3,281.1 1 3
github.com/wentout/mnemonica-go/mnemonica/utils.go:282.2,283.16 2 4
github.com/wentout/mnemonica-go/mnemonica/utils.go:284.3,286.1 2 1
github.com/wentout/mnemonica-go/mnemonica/utils.go:287.2,288.20 2 3
github.com/wentout/mnemonica-go/mnemonica/utils.go:300.2,301.16 2 7
github.com/wentout/mnemonica-go/mnemonica/utils.go:302.3,304.1 2 3
github.com/wentout/mnemonica-go/mnemonica/utils.go:305.2,305.20 1 4
github.com/wentout/mnemonica-go/mnemonica/utils.go:311.2,312.16 2 8
github.com/wentout/mnemonica-go/mnemonica/utils.go:313.3,315.1 2 2
github.com/wentout/mnemonica-go/mnemonica/utils.go:316.2,317.21 2 6
github.com/wentout/mnemonica-go/mnemonica/utils.go:318.3,319.1 1 5
github.com/wentout/mnemonica-go/mnemonica/utils.go:320.2,321.16 2 6
github.com/wentout/mnemonica-go/mnemonica/utils.go:322.3,324.1 2 1
github.com/wentout/mnemonica-go/mnemonica/utils.go:325.2,326.20 2 5
github.com/wentout/mnemonica-go/mnemonica/utils.go:344.2,348.1 2 3
github.com/wentout/mnemonica-go/mnemonica/utils.go:349.2,350.1 2 3
github.com/wentout/mnemonica-go/mnemonica/utils.go:354.2,356.1 2 2
github.com/wentout/mnemonica-go/mnemonica/utils.go:360.2,362.1 2 3
github.com/wentout/mnemonica-go/mnemonica/utils.go:366.2,368.1 2 2
github.com/wentout/mnemonica-go/mnemonica/utils.go:373.2,375.1 2 2
github.com/wentout/mnemonica-go/mnemonica/utils.go:393.2,395.16 3 8
github.com/wentout/mnemonica-go/mnemonica/utils.go:396.3,397.1 1 2
github.com/wentout/mnemonica-go/mnemonica/utils.go:398.2,404.1 3 6
github.com/wentout/mnemonica-go/mnemonica/utils.go:405.2,405.15 3 6
github.com/wentout/mnemonica-go/mnemonica/utils.go:413.2,414.16 2 4
github.com/wentout/mnemonica-go/mnemonica/utils.go:415.3,416.1 1 1
github.com/wentout/mnemonica-go/mnemonica/utils.go:417.2,418.20 2 3
github.com/wentout/mnemonica-go/mnemonica/utils.go:427.2,428.22 2 10
github.com/wentout/mnemonica-go/mnemonica/utils.go:429.3,430.1 1 1
github.com/wentout/mnemonica-go/mnemonica/utils.go:431.2,431.73 1 9
github.com/wentout/mnemonica-go/mnemonica/utils.go:432.3,433.20 2 24
github.com/wentout/mnemonica-go/mnemonica/utils.go:434.4,434.9 1 1
github.com/wentout/mnemonica-go/mnemonica/utils.go:436.3,436.39 1 23
github.com/wentout/mnemonica-go/mnemonica/utils.go:438.2,438.15 1 9
github.com/wentout/mnemonica-go/mnemonica/utils.go:444.2,446.32 3 1
github.com/wentout/mnemonica-go/mnemonica/utils.go:447.3,448.1 1 4
github.com/wentout/mnemonica-go/mnemonica/utils.go:449.2,449.15 1 1
