mode: atomic
github.com/wentout/mnemonica-go/otel/otelx.go:47.2,49.1 2 7
github.com/wentout/mnemonica-go/otel/otelx.go:56.2,57.35 2 15
github.com/wentout/mnemonica-go/otel/otelx.go:58.3,59.1 1 6
github.com/wentout/mnemonica-go/otel/otelx.go:60.2,64.1 2 9
github.com/wentout/mnemonica-go/otel/otelx.go:65.2,65.24 2 9
github.com/wentout/mnemonica-go/otel/otelx.go:66.3,67.1 1 4
github.com/wentout/mnemonica-go/otel/otelx.go:68.2,69.12 2 9
github.com/wentout/mnemonica-go/otel/otelx.go:79.2,80.24 2 3
github.com/wentout/mnemonica-go/otel/otelx.go:81.3,82.1 1 2
github.com/wentout/mnemonica-go/otel/otelx.go:83.2,84.21 2 3
github.com/wentout/mnemonica-go/otel/otelx.go:94.2,95.9 2 5
github.com/wentout/mnemonica-go/otel/otelx.go:96.3,97.1 1 1
github.com/wentout/mnemonica-go/otel/otelx.go:98.2,99.21 2 4
github.com/wentout/mnemonica-go/otel/otelx.go:100.3,101.1 1 1
github.com/wentout/mnemonica-go/otel/otelx.go:104.2,110.12 4 3
github.com/wentout/mnemonica-go/otel/otelx.go:117.2,117.29 1 5
github.com/wentout/mnemonica-go/otel/otelx.go:119.3,119.30 1 1
github.com/wentout/mnemonica-go/otel/otelx.go:121.3,121.32 1 3
github.com/wentout/mnemonica-go/otel/otelx.go:123.3,123.20 1 1
