mode: atomic
mnemonica/tools/analysis/mnemonicavet/mnemonicavet.go:40.2,41.1 1 1
mnemonica/tools/analysis/mnemonicavet/mnemonicavet.go:44.2,44.34 1 1
mnemonica/tools/analysis/mnemonicavet/mnemonicavet.go:45.3,45.46 1 1
mnemonica/tools/analysis/mnemonicavet/mnemonicavet.go:46.4,47.41 2 840
mnemonica/tools/analysis/mnemonicavet/mnemonicavet.go:48.5,49.1 1 821
mnemonica/tools/analysis/mnemonicavet/mnemonicavet.go:50.4,50.35 1 19
mnemonica/tools/analysis/mnemonicavet/mnemonicavet.go:51.5,52.1 1 20
mnemonica/tools/analysis/mnemonicavet/mnemonicavet.go:53.4,53.15 1 19
mnemonica/tools/analysis/mnemonicavet/mnemonicavet.go:56.2,56.17 1 1
mnemonica/tools/analysis/mnemonicavet/mnemonicavet.go:62.2,63.9 2 20
mnemonica/tools/analysis/mnemonicavet/mnemonicavet.go:64.3,65.1 1 2
mnemonica/tools/analysis/mnemonicavet/mnemonicavet.go:68.2,69.9 2 18
mnemonica/tools/analysis/mnemonicavet/mnemonicavet.go:70.3,71.1 1 1
mnemonica/tools/analysis/mnemonicavet/mnemonicavet.go:74.2,77.26 4 17
mnemonica/tools/analysis/mnemonicavet/mnemonicavet.go:78.3,79.1 1 7
mnemonica/tools/analysis/mnemonicavet/mnemonicavet.go:80.2,81.21 2 10
mnemonica/tools/analysis/mnemonicavet/mnemonicavet.go:86.3,87.1 1 1
mnemonica/tools/analysis/mnemonicavet/mnemonicavet.go:88.2,88.64 1 9
mnemonica/tools/analysis/mnemonicavet/mnemonicavet.go:89.3,90.1 1 1
mnemonica/tools/analysis/mnemonicavet/mnemonicavet.go:91.2,92.9 2 8
mnemonica/tools/analysis/mnemonicavet/mnemonicavet.go:93.3,94.1 1 2
mnemonica/tools/analysis/mnemonicavet/mnemonicavet.go:96.2,97.62 2 6
mnemonica/tools/analysis/mnemonicavet/mnemonicavet.go:98.3,99.1 1 1
mnemonica/tools/analysis/mnemonicavet/mnemonicavet.go:100.2,101.52 1 5
mnemonica/tools/analysis/mnemonicavet/mnemonicavet.go:107.2,107.43 1 41
mnemonica/tools/analysis/mnemonicavet/mnemonicavet.go:108.3,109.1 1 7
mnemonica/tools/analysis/mnemonicavet/mnemonicavet.go:110.2,111.14 2 41
mnemonica/tools/analysis/mnemonicavet/mnemonicavet.go:118.2,118.43 1 17
mnemonica/tools/analysis/mnemonicavet/mnemonicavet.go:119.3,120.1 1 9
mnemonica/tools/analysis/mnemonicavet/mnemonicavet.go:121.2,122.18 2 17
mnemonica/tools/analysis/mnemonicavet/mnemonicavet.go:130.2,131.17 2 35
mnemonica/tools/analysis/mnemonicavet/mnemonicavet.go:132.3,133.1 1 1
mnemonica/tools/analysis/mnemonicavet/mnemonicavet.go:134.2,134.79 1 34
mnemonica/tools/analysis/mnemonicavet/mnemonicavet.go:135.3,136.1 1 13
mnemonica/tools/analysis/mnemonicavet/mnemonicavet.go:137.2,139.9 3 21
mnemonica/tools/analysis/mnemonicavet/mnemonicavet.go:140.3,141.1 1 1
mnemonica/tools/analysis/mnemonicavet/mnemonicavet.go:142.2,142.57 1 20
mnemonica/tools/analysis/mnemonicavet/mnemonicavet.go:143.3,144.24 2 23
mnemonica/tools/analysis/mnemonicavet/mnemonicavet.go:145.4,145.12 1 3
mnemonica/tools/analysis/mnemonicavet/mnemonicavet.go:147.3,147.37 1 20
mnemonica/tools/analysis/mnemonicavet/mnemonicavet.go:148.4,149.1 1 16
mnemonica/tools/analysis/mnemonicavet/mnemonicavet.go:151.2,151.14 1 4
mnemonica/tools/cmd/mnemonica-gen/generate.go:46.2,47.16 2 16
mnemonica/tools/cmd/mnemonica-gen/generate.go:48.3,49.1 1 10
mnemonica/tools/cmd/mnemonica-gen/generate.go:50.2,50.20 1 6
mnemonica/tools/cmd/mnemonica-gen/generate.go:57.2,65.1 4 17
mnemonica/tools/cmd/mnemonica-gen/generate.go:66.2,67.16 4 17
mnemonica/tools/cmd/mnemonica-gen/generate.go:68.3,69.1 1 1
mnemonica/tools/cmd/mnemonica-gen/generate.go:72.2,73.25 2 16
mnemonica/tools/cmd/mnemonica-gen/generate.go:74.3,75.1 1 1
mnemonica/tools/cmd/mnemonica-gen/generate.go:77.2,80.16 4 15
mnemonica/tools/cmd/mnemonica-gen/generate.go:81.3,82.1 1 8
mnemonica/tools/cmd/mnemonica-gen/generate.go:83.2,84.16 2 7
mnemonica/tools/cmd/mnemonica-gen/generate.go:85.3,86.1 1 1
mnemonica/tools/cmd/mnemonica-gen/generate.go:87.2,87.20 1 6
mnemonica/tools/cmd/mnemonica-gen/generate.go:93.2,94.47 2 15
mnemonica/tools/cmd/mnemonica-gen/generate.go:95.3,95.40 1 23
mnemonica/tools/cmd/mnemonica-gen/generate.go:96.4,96.12 1 4
mnemonica/tools/cmd/mnemonica-gen/generate.go:98.3,98.43 1 19
mnemonica/tools/cmd/mnemonica-gen/generate.go:100.2,100.14 1 15
mnemonica/tools/cmd/mnemonica-gen/generate.go:109.2,110.33 2 265
mnemonica/tools/cmd/mnemonica-gen/generate.go:112.3,112.37 1 72
mnemonica/tools/cmd/mnemonica-gen/generate.go:113.4,114.1 1 8
mnemonica/tools/cmd/mnemonica-gen/generate.go:116.3,116.39 1 166
mnemonica/tools/cmd/mnemonica-gen/generate.go:117.4,118.1 1 105
mnemonica/tools/cmd/mnemonica-gen/generate.go:120.3,120.39 1 12
mnemonica/tools/cmd/mnemonica-gen/generate.go:121.4,122.1 1 8
mnemonica/tools/cmd/mnemonica-gen/generate.go:124.2,124.12 1 144
mnemonica/tools/cmd/mnemonica-gen/generate.go:130.2,131.70 2 265
mnemonica/tools/cmd/mnemonica-gen/generate.go:132.3,133.1 1 96
mnemonica/tools/cmd/mnemonica-gen/generate.go:134.2,134.25 1 169
mnemonica/tools/cmd/mnemonica-gen/generate.go:135.3,135.54 1 157
mnemonica/tools/cmd/mnemonica-gen/generate.go:136.4,137.1 1 157
mnemonica/tools/cmd/mnemonica-gen/generate.go:139.2,139.13 1 12
mnemonica/tools/cmd/mnemonica-gen/generate.go:144.2,145.33 2 250
mnemonica/tools/cmd/mnemonica-gen/generate.go:146.3,147.1 1 129
mnemonica/tools/cmd/mnemonica-gen/generate.go:148.2,148.39 1 121
mnemonica/tools/cmd/mnemonica-gen/generate.go:155.2,158.1 3 302
mnemonica/tools/cmd/mnemonica-gen/generate.go:163.2,164.29 2 15
mnemonica/tools/cmd/mnemonica-gen/generate.go:165.3,165.35 1 19
mnemonica/tools/cmd/mnemonica-gen/generate.go:166.4,167.35 2 218
mnemonica/tools/cmd/mnemonica-gen/generate.go:168.5,168.13 1 111
mnemonica/tools/cmd/mnemonica-gen/generate.go:170.4,170.35 1 107
mnemonica/tools/cmd/mnemonica-gen/generate.go:171.5,172.71 2 107
mnemonica/tools/cmd/mnemonica-gen/generate.go:173.6,173.14 1 4
mnemonica/tools/cmd/mnemonica-gen/generate.go:175.5,176.12 2 103
mnemonica/tools/cmd/mnemonica-gen/generate.go:177.6,177.14 1 9
mnemonica/tools/cmd/mnemonica-gen/generate.go:179.5,180.21 2 94
mnemonica/tools/cmd/mnemonica-gen/generate.go:181.6,182.1 1 77
mnemonica/tools/cmd/mnemonica-gen/generate.go:183.5,183.21 1 94
mnemonica/tools/cmd/mnemonica-gen/generate.go:184.6,184.14 1 25
mnemonica/tools/cmd/mnemonica-gen/generate.go:186.5,186.56 1 69
mnemonica/tools/cmd/mnemonica-gen/generate.go:187.6,188.1 1 67
mnemonica/tools/cmd/mnemonica-gen/generate.go:192.2,192.14 1 15
mnemonica/tools/cmd/mnemonica-gen/generate.go:199.2,200.22 2 118
mnemonica/tools/cmd/mnemonica-gen/generate.go:201.3,201.72 1 110
mnemonica/tools/cmd/mnemonica-gen/generate.go:202.4,203.1 1 107
mnemonica/tools/cmd/mnemonica-gen/generate.go:205.2,206.51 2 11
mnemonica/tools/cmd/mnemonica-gen/generate.go:212.2,214.1 2 51
mnemonica/tools/cmd/mnemonica-gen/generate.go:218.2,218.32 1 162
mnemonica/tools/cmd/mnemonica-gen/generate.go:220.3,220.31 1 138
mnemonica/tools/cmd/mnemonica-gen/generate.go:222.3,222.21 1 12
mnemonica/tools/cmd/mnemonica-gen/generate.go:224.2,224.12 1 12
mnemonica/tools/cmd/mnemonica-gen/generate.go:229.2,229.39 1 214
mnemonica/tools/cmd/mnemonica-gen/generate.go:230.3,231.1 1 57
mnemonica/tools/cmd/mnemonica-gen/generate.go:232.2,233.9 2 214
mnemonica/tools/cmd/mnemonica-gen/generate.go:234.3,235.1 1 6
mnemonica/tools/cmd/mnemonica-gen/generate.go:236.2,237.15 2 208
mnemonica/tools/cmd/mnemonica-gen/generate.go:243.2,243.45 1 44
mnemonica/tools/cmd/mnemonica-gen/generate.go:244.3,244.21 1 24
mnemonica/tools/cmd/mnemonica-gen/generate.go:245.4,246.1 1 4
mnemonica/tools/cmd/mnemonica-gen/generate.go:247.3,247.18 1 20
mnemonica/tools/cmd/mnemonica-gen/generate.go:249.2,250.15 2 44
mnemonica/tools/cmd/mnemonica-gen/generate.go:257.2,259.29 3 15
mnemonica/tools/cmd/mnemonica-gen/generate.go:260.3,260.35 1 19
mnemonica/tools/cmd/mnemonica-gen/generate.go:261.4,262.35 2 218
mnemonica/tools/cmd/mnemonica-gen/generate.go:263.5,263.13 1 111
mnemonica/tools/cmd/mnemonica-gen/generate.go:265.4,265.35 1 107
mnemonica/tools/cmd/mnemonica-gen/generate.go:266.5,267.71 2 107
mnemonica/tools/cmd/mnemonica-gen/generate.go:268.6,268.14 1 4
mnemonica/tools/cmd/mnemonica-gen/generate.go:270.5,271.12 2 103
mnemonica/tools/cmd/mnemonica-gen/generate.go:272.6,272.14 1 9
mnemonica/tools/cmd/mnemonica-gen/generate.go:274.5,275.19 2 94
mnemonica/tools/cmd/mnemonica-gen/generate.go:276.6,276.14 1 42
mnemonica/tools/cmd/mnemonica-gen/generate.go:278.5,279.19 2 52
mnemonica/tools/cmd/mnemonica-gen/generate.go:280.6,281.1 1 8
mnemonica/tools/cmd/mnemonica-gen/generate.go:282.5,282.31 1 44
mnemonica/tools/cmd/mnemonica-gen/generate.go:286.2,286.39 1 7
mnemonica/tools/cmd/mnemonica-gen/generate.go:287.3,287.39 1 131
mnemonica/tools/cmd/mnemonica-gen/generate.go:288.4,289.1 1 13
mnemonica/tools/cmd/mnemonica-gen/generate.go:290.3,290.37 1 118
mnemonica/tools/cmd/mnemonica-gen/generate.go:292.2,293.26 2 7
mnemonica/tools/cmd/mnemonica-gen/generate.go:294.3,295.1 1 4
mnemonica/tools/cmd/mnemonica-gen/generate.go:296.2,297.27 2 7
mnemonica/tools/cmd/mnemonica-gen/generate.go:305.2,307.9 3 52
mnemonica/tools/cmd/mnemonica-gen/generate.go:308.3,309.1 1 1
mnemonica/tools/cmd/mnemonica-gen/generate.go:310.2,311.9 2 51
mnemonica/tools/cmd/mnemonica-gen/generate.go:312.3,313.1 1 1
mnemonica/tools/cmd/mnemonica-gen/generate.go:314.2,315.19 2 50
mnemonica/tools/cmd/mnemonica-gen/generate.go:316.3,317.1 1 1
mnemonica/tools/cmd/mnemonica-gen/generate.go:318.2,319.17 2 49
mnemonica/tools/cmd/mnemonica-gen/generate.go:320.3,321.1 1 1
mnemonica/tools/cmd/mnemonica-gen/generate.go:325.2,327.16 3 48
mnemonica/tools/cmd/mnemonica-gen/generate.go:328.3,329.1 1 2
mnemonica/tools/cmd/mnemonica-gen/generate.go:330.2,330.51 1 46
mnemonica/tools/cmd/mnemonica-gen/generate.go:331.3,332.1 1 2
mnemonica/tools/cmd/mnemonica-gen/generate.go:333.2,342.8 3 44
mnemonica/tools/cmd/mnemonica-gen/generate.go:349.2,350.22 2 44
mnemonica/tools/cmd/mnemonica-gen/generate.go:351.3,352.1 1 4
mnemonica/tools/cmd/mnemonica-gen/generate.go:353.2,354.38 2 40
mnemonica/tools/cmd/mnemonica-gen/generate.go:362.2,362.27 1 64
mnemonica/tools/cmd/mnemonica-gen/generate.go:364.3,364.61 1 24
mnemonica/tools/cmd/mnemonica-gen/generate.go:365.4,366.1 1 20
mnemonica/tools/cmd/mnemonica-gen/generate.go:368.3,368.48 1 4
mnemonica/tools/cmd/mnemonica-gen/generate.go:370.3,370.48 1 4
mnemonica/tools/cmd/mnemonica-gen/generate.go:372.3,373.48 2 4
mnemonica/tools/cmd/mnemonica-gen/generate.go:375.3,375.54 1 4
mnemonica/tools/cmd/mnemonica-gen/generate.go:376.4,377.1 1 4
mnemonica/tools/cmd/mnemonica-gen/generate.go:383.2,384.18 2 52
mnemonica/tools/cmd/mnemonica-gen/generate.go:385.3,386.1 1 1
mnemonica/tools/cmd/mnemonica-gen/generate.go:387.2,388.21 2 51
mnemonica/tools/cmd/mnemonica-gen/generate.go:395.2,399.1 4 48
mnemonica/tools/cmd/mnemonica-gen/generate.go:406.2,407.9 2 48
mnemonica/tools/cmd/mnemonica-gen/generate.go:408.3,409.1 1 1
mnemonica/tools/cmd/mnemonica-gen/generate.go:410.2,410.57 1 47
mnemonica/tools/cmd/mnemonica-gen/generate.go:411.3,412.24 2 94
mnemonica/tools/cmd/mnemonica-gen/generate.go:413.4,413.12 1 1
mnemonica/tools/cmd/mnemonica-gen/generate.go:415.3,415.46 1 93
mnemonica/tools/cmd/mnemonica-gen/generate.go:416.4,417.1 1 46
mnemonica/tools/cmd/mnemonica-gen/generate.go:419.2,419.141 1 1
mnemonica/tools/cmd/mnemonica-gen/generate.go:428.2,428.29 1 46
mnemonica/tools/cmd/mnemonica-gen/generate.go:429.3,429.35 1 90
mnemonica/tools/cmd/mnemonica-gen/generate.go:430.4,431.53 2 1772
mnemonica/tools/cmd/mnemonica-gen/generate.go:432.5,432.13 1 1770
mnemonica/tools/cmd/mnemonica-gen/generate.go:434.4,434.42 1 2
mnemonica/tools/cmd/mnemonica-gen/generate.go:435.5,436.1 1 2
mnemonica/tools/cmd/mnemonica-gen/generate.go:439.2,439.14 1 44
mnemonica/tools/cmd/mnemonica-gen/generate.go:444.2,445.50 2 2
mnemonica/tools/cmd/mnemonica-gen/generate.go:446.3,447.1 1 2
mnemonica/tools/cmd/mnemonica-gen/generate.go:448.2,449.19 2 2
mnemonica/tools/cmd/mnemonica-gen/generate.go:455.2,458.19 4 8
mnemonica/tools/cmd/mnemonica-gen/generate.go:459.3,460.32 2 5
mnemonica/tools/cmd/mnemonica-gen/generate.go:461.4,462.1 1 4
mnemonica/tools/cmd/mnemonica-gen/generate.go:463.3,464.28 2 5
mnemonica/tools/cmd/mnemonica-gen/generate.go:465.4,467.1 1 45
mnemonica/tools/cmd/mnemonica-gen/generate.go:468.3,469.28 2 5
mnemonica/tools/cmd/mnemonica-gen/generate.go:470.4,471.1 1 45
mnemonica/tools/cmd/mnemonica-gen/generate.go:472.3,473.28 2 5
mnemonica/tools/cmd/mnemonica-gen/generate.go:474.4,479.1 3 45
mnemonica/tools/cmd/mnemonica-gen/generate.go:481.2,482.16 2 8
mnemonica/tools/cmd/mnemonica-gen/generate.go:483.3,484.1 1 2
mnemonica/tools/cmd/mnemonica-gen/generate.go:485.2,485.23 1 6
mnemonica/tools/cmd/mnemonica-gen/generate.go:490.2,490.16 1 46
mnemonica/tools/cmd/mnemonica-gen/generate.go:491.3,492.1 1 1
mnemonica/tools/cmd/mnemonica-gen/generate.go:493.2,493.45 1 45
mnemonica/tools/cmd/mnemonica-gen/main.go:27.2,29.1 2 1
mnemonica/tools/cmd/mnemonica-gen/main.go:34.2,35.27 2 3
mnemonica/tools/cmd/mnemonica-gen/main.go:36.3,36.35 1 7
mnemonica/tools/cmd/mnemonica-gen/main.go:37.4,38.9 2 2
mnemonica/tools/cmd/mnemonica-gen/main.go:41.2,42.16 2 3
mnemonica/tools/cmd/mnemonica-gen/main.go:43.3,45.1 2 1
mnemonica/tools/cmd/mnemonica-gen/main.go:46.2,47.21 2 2
mnemonica/tools/cmd/mnemonica-gen/main.go:48.3,50.1 2 1
mnemonica/tools/cmd/mnemonica-gen/main.go:51.2,51.10 1 1
